// Jest Snapshot v1, https://goo.gl/fbAQLP

exports[`MainHeader matches the snapshot 1`] = `[Function]`;
