// Jest Snapshot v1, https://goo.gl/fbAQLP

exports[`SubHeader matches the snapshot 1`] = `[Function]`;
